// Jest Snapshot v1, https://goo.gl/fbAQLP

exports[`Footer component test should render footer  1`] = `
<div>
  <div
    class="MuiBottomNavigation-root css-ltaely-MuiBottomNavigation-root"
  >
    <button
      class="MuiButtonBase-root MuiBottomNavigationAction-root MuiBottomNavigationAction-iconOnly css-3yflfb-MuiButtonBase-root-MuiBottomNavigationAction-root"
      data-testid="facebook"
      tabindex="0"
      type="button"
    >
      <svg
        aria-hidden="true"
        class="MuiSvgIcon-root MuiSvgIcon-fontSizeMedium css-i4bv87-MuiSvgIcon-root"
        data-testid="FacebookIcon"
        focusable="false"
        viewBox="0 0 24 24"
      >
        <path
          d="M5 3h14a2 2 0 0 1 2 2v14a2 2 0 0 1-2 2H5a2 2 0 0 1-2-2V5a2 2 0 0 1 2-2m13 2h-2.5A3.5 3.5 0 0 0 12 8.5V11h-2v3h2v7h3v-7h3v-3h-3V9a1 1 0 0 1 1-1h2V5z"
        />
      </svg>
      <span
        class="MuiBottomNavigationAction-label MuiBottomNavigationAction-iconOnly css-1gh6k7f-MuiBottomNavigationAction-label"
      />
      <span
        class="MuiTouchRipple-root css-8je8zh-MuiTouchRipple-root"
      />
    </button>
    <button
      class="MuiButtonBase-root MuiBottomNavigationAction-root MuiBottomNavigationAction-iconOnly css-3yflfb-MuiButtonBase-root-MuiBottomNavigationAction-root"
      data-testid="linkedin"
      tabindex="0"
      type="button"
    >
      <svg
        aria-hidden="true"
        class="MuiSvgIcon-root MuiSvgIcon-fontSizeMedium css-i4bv87-MuiSvgIcon-root"
        data-testid="LinkedInIcon"
        focusable="false"
        viewBox="0 0 24 24"
      >
        <path
          d="M19 3a2 2 0 0 1 2 2v14a2 2 0 0 1-2 2H5a2 2 0 0 1-2-2V5a2 2 0 0 1 2-2h14m-.5 15.5v-5.3a3.26 3.26 0 0 0-3.26-3.26c-.85 0-1.84.52-2.32 1.3v-1.11h-2.79v8.37h2.79v-4.93c0-.77.62-1.4 1.39-1.4a1.4 1.4 0 0 1 1.4 1.4v4.93h2.79M6.88 8.56a1.68 1.68 0 0 0 1.68-1.68c0-.93-.75-1.69-1.68-1.69a1.69 1.69 0 0 0-1.69 1.69c0 .93.76 1.68 1.69 1.68m1.39 9.94v-8.37H5.5v8.37h2.77z"
        />
      </svg>
      <span
        class="MuiBottomNavigationAction-label MuiBottomNavigationAction-iconOnly css-1gh6k7f-MuiBottomNavigationAction-label"
      />
      <span
        class="MuiTouchRipple-root css-8je8zh-MuiTouchRipple-root"
      />
    </button>
    <button
      class="MuiButtonBase-root MuiBottomNavigationAction-root MuiBottomNavigationAction-iconOnly css-3yflfb-MuiButtonBase-root-MuiBottomNavigationAction-root"
      data-testid="contact"
      tabindex="0"
      type="button"
    >
      <svg
        aria-hidden="true"
        class="MuiSvgIcon-root MuiSvgIcon-fontSizeMedium css-i4bv87-MuiSvgIcon-root"
        data-testid="EmailIcon"
        focusable="false"
        viewBox="0 0 24 24"
      >
        <path
          d="M20 4H4c-1.1 0-1.99.9-1.99 2L2 18c0 1.1.9 2 2 2h16c1.1 0 2-.9 2-2V6c0-1.1-.9-2-2-2m0 4-8 5-8-5V6l8 5 8-5z"
        />
      </svg>
      <span
        class="MuiBottomNavigationAction-label MuiBottomNavigationAction-iconOnly css-1gh6k7f-MuiBottomNavigationAction-label"
      />
      <span
        class="MuiTouchRipple-root css-8je8zh-MuiTouchRipple-root"
      />
    </button>
  </div>
</div>
`;
